
> humic-fe@0.1.0 build
> next build

node.exe :  ΓÜá Warning: Next.js inferred your workspace root, but it may not be correct.
At D:\Node Js\npm.ps1:29 char:3
+   & $NODE_EXE $NPM_CLI_JS $args
+   ~~~~~~~~~~~~~~~~~~~~~~~~~~~~~
    + CategoryInfo          : NotSpecified: ( ΓÜá Warning: N...not be correct.:String) [], RemoteException
    + FullyQualifiedErrorId : NativeCommandError
 
 We detected multiple lockfiles and selected the directory of E:\pnpm-lock.yaml as the root directory.
 To silence this warning, set `outputFileTracingRoot` in your Next.js config, or consider removing one of the lockfiles if it's not 
needed.
   See https://nextjs.org/docs/app/api-reference/config/next-config-js/output#caveats for more information.
 Detected additional lockfiles: 
   * E:\Humic-Conference\HumicConference-FE\package-lock.json

   Γû▓ Next.js 15.5.7
   - Environments: .env

   Creating an optimized production build ...
 Γ£ô Compiled successfully in 5.9s
   Linting and checking validity of types ...

Failed to compile.

./src/app/admin/ICODSA/page.tsx
15:15  Warning: 'BackendConferenceSchedule' is defined but never used.  @typescript-eslint/no-unused-vars
35:5  Warning: 'icodsaConferences' is assigned a value but never used.  @typescript-eslint/no-unused-vars

./src/app/api/auth/clear-cookies/route.ts
3:28  Warning: 'request' is defined but never used.  @typescript-eslint/no-unused-vars
36:12  Warning: 'error' is defined but never used.  @typescript-eslint/no-unused-vars

./src/app/api/auth/clear-token/route.ts
3:28  Warning: 'request' is defined but never used.  @typescript-eslint/no-unused-vars
17:12  Warning: 'error' is defined but never used.  @typescript-eslint/no-unused-vars

./src/app/api/auth/login/route.ts
23:31  Warning: 'value' is defined but never used.  @typescript-eslint/no-unused-vars
23:38  Warning: 'key' is defined but never used.  @typescript-eslint/no-unused-vars
63:12  Warning: 'error' is defined but never used.  @typescript-eslint/no-unused-vars

./src/app/api/auth/refresh/route.ts
13:12  Warning: 'error' is defined but never used.  @typescript-eslint/no-unused-vars
95:12  Warning: 'error' is defined but never used.  @typescript-eslint/no-unused-vars

./src/app/api/auth/set-token/route.ts
26:12  Warning: 'error' is defined but never used.  @typescript-eslint/no-unused-vars

./src/app/layout/AppSidebar.tsx
108:16  Warning: 'error' is defined but never used.  @typescript-eslint/no-unused-vars

./src/app/super-admin/dashboard/page.tsx
17:29  Warning: 'CardHeader' is defined but never used.  @typescript-eslint/no-unused-vars
17:41  Warning: 'CardTitle' is defined but never used.  @typescript-eslint/no-unused-vars
43:16  Warning: 'error' is defined but never used.  @typescript-eslint/no-unused-vars
80:49  Error: `'` can be escaped with `&apos;`, `&lsquo;`, `&#39;`, `&rsquo;`.  react/no-unescaped-entities
80:56  Error: `'` can be escaped with `&apos;`, `&lsquo;`, `&#39;`, `&rsquo;`.  react/no-unescaped-entities

./src/app/super-admin/ICICYTA/page.tsx
16:15  Warning: 'BackendConferenceSchedule' is defined but never used.  @typescript-eslint/no-unused-vars
76:14  Warning: 'error' is defined but never used.  @typescript-eslint/no-unused-vars

./src/app/super-admin/ICODSA/page.tsx
16:15  Warning: 'BackendConferenceSchedule' is defined but never used.  @typescript-eslint/no-unused-vars
80:14  Warning: 'error' is defined but never used.  @typescript-eslint/no-unused-vars

./src/app/super-admin/manage-admin/page.tsx
186:20  Warning: 'err' is defined but never used.  @typescript-eslint/no-unused-vars

./src/app/user/about/page.tsx
110:22  Warning: Using `<img>` could result in slower LCP and higher bandwidth. Consider using `<Image />` from `next/image` or a 
custom image loader to automatically optimize images. This may incur additional usage or cost from your provider. See: 
https://nextjs.org/docs/messages/no-img-element  @next/next/no-img-element

./src/app/user/parallel/page.tsx
184:6  Warning: React Hook useEffect has a missing dependency: 'conferenceIdParam'. Either include it or remove the dependency 
array.  react-hooks/exhaustive-deps
306:6  Warning: React Hook useEffect has a missing dependency: 'getRoomNameFromSchedules'. Either include it or remove the 
dependency array.  react-hooks/exhaustive-deps

./src/components/admin/conference/ConferenceModal.tsx
42:3  Warning: 'onCreateConference' is defined but never used.  @typescript-eslint/no-unused-vars
46:11  Warning: 'deleteSchedule' is assigned a value but never used.  @typescript-eslint/no-unused-vars
115:31  Warning: 'roomData' is defined but never used.  @typescript-eslint/no-unused-vars
129:33  Warning: 'room' is defined but never used.  @typescript-eslint/no-unused-vars

./src/components/admin/conference/RoomManagementTab.tsx
31:3  Warning: 'conferenceId' is defined but never used.  @typescript-eslint/no-unused-vars
111:18  Warning: 'error' is defined but never used.  @typescript-eslint/no-unused-vars
120:14  Warning: 'error' is defined but never used.  @typescript-eslint/no-unused-vars

./src/components/admin/conference/TrackSessionsTab.tsx
30:3  Warning: 'conferenceId' is defined but never used.  @typescript-eslint/no-unused-vars

./src/components/admin/ConferenceDayTabs.tsx
29:3  Warning: 'formatDate' is defined but never used.  @typescript-eslint/no-unused-vars

./src/components/admin/ConferenceScheduleTable.tsx
6:10  Warning: 'Button' is defined but never used.  @typescript-eslint/no-unused-vars
8:10  Warning: 'Clock' is defined but never used.  @typescript-eslint/no-unused-vars
8:17  Warning: 'Plus' is defined but never used.  @typescript-eslint/no-unused-vars
45:3  Warning: 'onScheduleSelect' is defined but never used.  @typescript-eslint/no-unused-vars
77:9  Warning: The 'extractRoomId' function makes the dependencies of useMemo Hook (at line 201) change on every render. To fix 
this, wrap the definition of 'extractRoomId' in its own useCallback() Hook.  react-hooks/exhaustive-deps
137:37  Warning: 'roomsLoading' is assigned a value but never used.  @typescript-eslint/no-unused-vars
179:6  Warning: React Hook useMemo has a missing dependency: 'conference'. Either include it or remove the dependency array.  
react-hooks/exhaustive-deps
221:14  Warning: 'error' is defined but never used.  @typescript-eslint/no-unused-vars
389:14  Warning: 'error' is defined but never used.  @typescript-eslint/no-unused-vars
443:24  Warning: 'e' is defined but never used.  @typescript-eslint/no-unused-vars
449:20  Warning: 'e' is defined but never used.  @typescript-eslint/no-unused-vars
543:22  Warning: 'e' is defined but never used.  @typescript-eslint/no-unused-vars
582:26  Warning: 'e' is defined but never used.  @typescript-eslint/no-unused-vars
588:18  Warning: 'rowError' is defined but never used.  @typescript-eslint/no-unused-vars

./src/components/admin/CreateConferenceModal.tsx
137:18  Warning: 'e' is defined but never used.  @typescript-eslint/no-unused-vars
143:13  Warning: 'result' is assigned a value but never used.  @typescript-eslint/no-unused-vars

./src/components/admin/ManageImportExportModal.tsx
141:30  Warning: 'error' is defined but never used.  @typescript-eslint/no-unused-vars

./src/components/admin/ManageRoomsModal.tsx
43:10  Warning: 'editingRoom' is assigned a value but never used.  @typescript-eslint/no-unused-vars
43:23  Warning: 'setEditingRoom' is assigned a value but never used.  @typescript-eslint/no-unused-vars

./src/components/admin/ScheduleModal.tsx
27:3  Warning: 'currentDay' is defined but never used.  @typescript-eslint/no-unused-vars
32:3  Warning: 'refetchRooms' is defined but never used.  @typescript-eslint/no-unused-vars
34:3  Warning: 'getDayNumber' is defined but never used.  @typescript-eslint/no-unused-vars

./src/components/AdminTable.tsx
147:29  Warning: Using `<img>` could result in slower LCP and higher bandwidth. Consider using `<Image />` from `next/image` or a 
custom image loader to automatically optimize images. This may incur additional usage or cost from your provider. See: 
https://nextjs.org/docs/messages/no-img-element  @next/next/no-img-element

./src/components/room/AddRoomModal.tsx
44:3  Warning: 'scheduleId' is defined but never used.  @typescript-eslint/no-unused-vars

./src/components/schedule/DetailScheduleModal.tsx
11:3  Warning: 'MapPin' is defined but never used.  @typescript-eslint/no-unused-vars
12:3  Warning: 'Users' is defined but never used.  @typescript-eslint/no-unused-vars
206:47  Warning: 'index' is defined but never used.  @typescript-eslint/no-unused-vars

./src/components/trackSession/AddTrackSessionModal.tsx
16:15  Warning: 'BackendConferenceSchedule' is defined but never used.  @typescript-eslint/no-unused-vars

./src/components/UserScheduleTable.tsx
185:23  Warning: 'mainRoom' is assigned a value but never used.  @typescript-eslint/no-unused-vars

./src/context/AuthContext.tsx
54:14  Warning: 'error' is defined but never used.  @typescript-eslint/no-unused-vars
140:14  Warning: 'error' is defined but never used.  @typescript-eslint/no-unused-vars
175:14  Warning: 'error' is defined but never used.  @typescript-eslint/no-unused-vars
226:20  Warning: 'error' is defined but never used.  @typescript-eslint/no-unused-vars
257:16  Warning: 'error' is defined but never used.  @typescript-eslint/no-unused-vars

./src/hooks/useConferenceTabsData.ts
51:6  Warning: React Hook useMemo has an unnecessary dependency: 'conference.id'. Either exclude it or remove the dependency array. 
 react-hooks/exhaustive-deps
59:6  Warning: React Hook useMemo has an unnecessary dependency: 'conference.id'. Either exclude it or remove the dependency array. 
 react-hooks/exhaustive-deps
67:6  Warning: React Hook useMemo has an unnecessary dependency: 'conference.id'. Either exclude it or remove the dependency array. 
 react-hooks/exhaustive-deps
80:14  Warning: 'error' is defined but never used.  @typescript-eslint/no-unused-vars

./src/middleware.ts
23:7  Warning: 'adminRoutes' is assigned a value but never used.  @typescript-eslint/no-unused-vars
29:7  Warning: 'superAdminRoutes' is assigned a value but never used.  @typescript-eslint/no-unused-vars
54:9  Warning: 'isPublicRoute' is assigned a value but never used.  @typescript-eslint/no-unused-vars

./src/services/ConferenceScheduleService.ts
25:14  Warning: 'error' is defined but never used.  @typescript-eslint/no-unused-vars

info  - Need to disable some ESLint rules? Learn more here: https://nextjs.org/docs/app/api-reference/config/eslint#disabling-rules
